[    0.0000 Initialingcgroup ssy cpuset
[   0.0000] Initializing cgroup subsys pu
[   0.0000] nitializing cgroup subsys cpuact
[   .00000] Linux version 4.4.0-17-enric (buildd@gw1-md64-37 (cc versin .40 20160609 (Ubuntu 54.-6ubuntu1~160410) ) 63-UuntuSMP Mon Sep 24 13:14:43 UTC 2018 (Ubuntu 4.4.0-137.163-generic 4.4.144)
[    0.000000] Command line: BOOT_IMAGE=/boot/vmlinuz-4.4.0-137-generic root=LABEL=cloudimg-rootfs ro console=tty1 console=ttyS0
[    0.000000] KERNEL supported cpus:
[    0..000000]   Intel GenuineIntel
[    0.000000]   AMD AuthenticAMD
[    0.000000]   Centaur CentaurHauls
[    0.000000] x86/fpu: xstate_offset[2]:  576, xstate_sizes[2]:  256
[    0.000000] x86/fpu: Supporting XSAVE feature 0x01: 'x87 floating point registers'
[    0.000000] x86/fpu: Supporting XSAVE feature 0x02: 'SSE registers'
[    0.000000] x86/fpu: Supporting XSAVE feature 0x04: 'AVX registers'
[    0.000000] x86/fpu: Enabled xstate features 0x7, context size is 832 bytes, using 'standard' format.
[    0.000000] e820: BIOS-provided physical RAM map:
[    0.000000] BIOS-e820: [mem 0x0000000000000000-0x000000000009fbff] usable
[    0.000000] BIOS-e820: [mem 0x000000000009fc00-0x000000000009ffff] reserved
[    0.000000] BIOS-e820: [mem 0x00000000000f0000-0x00000000000fffff] reserved
[    0.000000] BIOS-e820: [mem 0x0000000000100000-0x000000003ffeffff] usable
[    0.000000] BIOS-e820: [mem 0x000000003fff0000-0x000000003fffffff] ACPI data
[    0.000000] BIOS-e820: [mem 0x0000000fec00000-0x00000000fec00f]reserved
[    0.000000] BIS-820: [mem 0x00000000fee00000-0x00000000fee00fff] reserved
[    0.000000] BIOS-e820: [mem 0x00000000fffc0000-0x00000000ffffffff] reserved
[    0.000000] NX (Execute Disable) protection: active
[    0.000000] SMBIOS 2.5 present.
[    0.000000] Hypervisor detected: KVM
[    0.000000] e820: last_pfn = 0x3fff0 max_arch_pfn = 0x400000000
[    0.000000] MTRR: Disabled
[    0.00000] x86/PAT: MTRRs disabled, skipping PAT inittialization too.
[   0.000000] CPU MTRRs all blank - virtualized system.
[    0.000000] x86/PAT: Configuration [07] WB  WT UC U  WB  WT  UC- UC  
[    0.000000] found SMP MP-table a[mm 0x0009fff0-0x0009ffff] mapped at [ffff88000009fff0]
[    0.000000] Scanning 1 areas for low memory corruption
[    0.000000] RAMDISK: [mem 0x3630e000-0x3717efff]
[    0.000000] ACPI: Early table checksum verification disabled
[    0.000000] ACPI: RSDP 0x00000000000E0000 000024 (v02 VBOX  )
[    0.000000] ACPI: XSDT 0x000000003FFF0030 00003C (v01 VBOX   VBOXXSDT 00000001 SL  00000061)[   0.00000]ACI: FACP 0x000000003FFF00F0 0000F4 (v04 VBOX   VBOXFACP 00000001 ASL  00000061)
[    0.000000] ACPI: DDT0x00000003FFF0470 0021FF (v02 VBOX   VBOXBIOS 00000002 INTL 20100528)
[    0.000000] ACPI: FACS 0x000000003FFF0200 000040
[    0.000000] ACPI: FACS 00000003FF020 000040
[  0000000] API AIC 0x00000003FF040 0000 (02 VBOX   VBOXIC00000001 ASL  00000061)
[    0.000000] ACPI: SSDT 0x0000003FFF02A0 0001CC (v01 VBOX   VBOXCPUT 00000002 INTL 20100528)
[    0.000000] No NUMA configuration found
[    0.000000] Faking a node at [mem 0x0000000000000000-0x000000003ffeffff]
[    0.000000] NODE_DATA(0) allocated [mem 0x3ffeb000-0x3ffeffff]
[    0.000000] kvm-clock: Using msrs 4b564d01 and 4b564d00
[    0.000000] kvm-clock: cpu 0, msr 0:3ffe3001, primary cpu clock
[    0.000000] kvm-clock: using sched offset of 3644016398 cycles
[    0.000000] clocksource: kvm-clock: mask: 0xffffffffffffffff max_cycles: 0x1cd42e4dffb, max_idle_ns: 8859591483 n
    0.000000] Zone ranges:
[    0.000000]   DMA      [mem 0x0000000000001000-0x0000000000ffffff]
[    0.000000]   DMA32    [mem 0x0000000001000000-0x000000003ffeffff]
[    0.000000]   Normal   empty
[    0.000000]   Device   empty
[    0.000000] Movable zone start for each node
[    0.000000] Early memory node ranges
[    0.000000]   node   0: [mem 0x0000000000001000-0x000000000009efff]
[    0.000000]   node   0: [mem 0x0000000000100000-0x000000003ffeffff]
[    0.000000] Initmem setup node 0 [mem 0x0000000000001000-0x000000003ffeffff]
[    0.000000] ACPI: PM-Timer IO Port: 0x4008
[    0.000000] IOAPIC[0]: apic_id 2, version 32, address 0xfec00000, GSI 0-23
[    0.000000] ACPI: INT_SRC_OVR (bus 0 bus_irq 0 global_irq 2 dfl dfl)
[    0.000000] ACPI: INT_SRC_OVR (bus 0 bus_irq 9 global_irq 9 low level)
[    0.000000] Using ACPI (MADT) for SMP configuration information
[    0.000000] smpboot: Allowing 2 CPUs, 0 hotplug CPUs
[    0.000000] PM: Registered nosave memory: [mem 0x00000000-0x00000fff]
[    0.000000] PM: Registered nosave memory: [mem 0x0009f000-0x0009ffff]
[    0.000000] PM: Registered nosave memory: [mem 0x000a0000-0x000effff]
[    0.000000] PM: Registered nosave memory: [mem 0x000f0000-0x000fffff]
[    0.000000] e820: [mem 0x40000000-0xfebfffff] available for PCI devices
[    0.000000] Booting paravirtualized kernel on KVM
[    0.000000] clocksoure:refined-jiffies: mask: 0xffffffff max_cycles: 0xffffffff, max_idle_ns: 7645519600211568 ns
[    0.000000] setup_percpu: NR_CPUS:512 nr_cpumask_bits:512 nr_cpu_ids:2 nr_node_ids:1
[    0.000000] PERCPU: Embedded 34 pages/cpu @ffff88003fc00000 s99608 r8192 d31464 u1048576
[    0.000000] PV qspinlock hash table entries: 256 (order: 0, 4096 bytes)
[    0.000000] Built 1 zonelists in Node order, mobility grouping on.  Total pages: 257912
[    0.000000] Policy zone: DMA32
[    0.000000] Kernel command line: BOOT_IMAGE=/boot/vmlinuz-4.4.0-137-generic root=LABEL=cloudimg-rootfs ro console=tty1 console=ttyS0
[    0.000000] PID hash table entries: 4096 (order: 3, 32768 bytes)
[    0.000000] Memory: 997716K/14820K available(855 kernel code, 1314K rwdata, 4004K rodata, 1528K init, 1316K bss, 50404K reserved, 0K cma-reered
[    00000] SLUB: HWaig=64, Order=0-3, MinObecs=, CPUs2,Noes=1
[   .00000 Kernel/Userpae table ioltion: enbld
[    0.000000] Hierarchica RU mplementation.
[   .00000] 	Build-tmeadjustment of leaf fanut to 64.
[   .00000] 	RCU restricting CPUs from NR_CPUS=512 to nr_cpu_ids=2.
[    0.000000] RCU: Adjusting geometry for rcu_fanout_leaf=64, nr_cpu_ids=2
[    0.000000] NR_IRQS:3304 nr_irqs:440 16
[    0.000000] Console: colou VGA+ 80x25
[   0000000] console [tty1] enbled
[    0.000000] console [ttyS0] enabled
[    0.000000] tsc: Detected 1599.999 MHz processor
[    3.251941] Calibrating delay loop (skipped) preset value.. 3199.99 BogoMIPS (lpj=6399996)
[    3.255244] pid_max: default: 32768 minimum: 301
[    3.256964] ACPI: Core revision 20150930
[    3260301] ACPI: 2 ACPI AML tables successfully acquired and loaded
[    3.280737] Security Framework initialized
[    3.282066] Yama: becoming mindful.
[    3.307798] AppArmor: AppArmor initialized
[    3.309504] Dentry cache hash table entries: 131072 (order: 8, 1048576 bytes)
[    3.313381] Inode-cache hash table entries: 65536 (order: 7, 524288 bytes)
[    3.321066] Mount-cache hash table entries: 2048 (order: 2, 16384 bytes)
[    3.324231] Mountpoint-cache hash table entries: 2048 (order: 2, 16384 bytes)
[    3.348862] Initializing cgroup subsys io
[    3.368319] Initializing cgroup subsys memory
[    3.369659] Initializing cgroup subsys devices
[    3.370979] Initializing cgroup subsys freezer
[    3.372365] Initializing cgroup subsys net_cls
[    3.373774] Initializing cgroup subsys perf_event
[    3.380976] Initializing cgroup subsys net_prio
[    3.382724] Initializing cgroup subsys hugetlb
[    3.407459] Initializing cgroup subsys pids
[    3.446154] mce: CPU supports 0 MCE banks
[    3.451520] Last level iTLB entries: 4KB 64, 2MB 8, 4MB 8
[    3.471901] Last level dTLB entries: 4KB 64, 2MB 0, 4MB 0, 1GB 4
[    3.473463] Spectre V2 : Mitigation: Full generic retpoline
[    3.476123] Spectre V2 : Spectre v2 mitigation: Speculation control IBPB not-supported IBRS not-supported
[    3.478793] Spectre V2 : Spectre v2 / SpectreRSB mitigation: Filling RSB on context switch
[    3.548526] Speculative Store Bypass: Vulnerable
[    3.570944] Freeing SMP alternatives memory: 32K
[    3.595852] ftrace: allocating 32265 entries in 127 pages
[    3.668049] smpboot: APIC(0) Converting physical 0 to logical package 0
[    3.720971] smpboot: Max logical packages: 1
[    3.722446] x2apic enabled
[    3.723566] Switched APIC routing to physical x2apic.
[    3.749976] ..TIMER: vector=0x30 apic1=0 pin1=2 apic2=-1 pin2=-1
[    3.883548] smpboot: CPU0: Intel(R) Core(TM) i5-5250U CPU @ 1.60GHz (family: 0x6, model: 0x3d, stepping: 0x4)
[    3.951939] Performance Events: unsupported p6 CPU model 61 no PMU driver, software events only.
[    4.002013] KVM setup paravirtual spinlock
[    4.038820] x86: Booting SMP configuration:
[    4.069819] .... node  #0, CPUs:      #1
[    4.083943] kvm-clock: cpu 1, msr 0:3ffe3041, secondary cpu clock
[    4.085976] mce: CPU supports 0 MCE banks
[    4.097187] x86: Booted up 1 node, 2 CPUs
[    4.122236] smpboot: Total of 2 processors activated (6399.99 BogoMIPS)
[    4.159036] devtmpfs: initialized
[    4.184344] evm: security.selinux
[    4.204479] evm: security.SMACK64
[    4.218717] evm: security.SMACK64EXEC
[    4.234776] evm: security.SMACK64TRANSMUTE
[    4.246533] evm: security.SMACK64MMAP
[    4.254411] evm: security.ima
[    4.255424] evm: security.capability
[    4.256903] clocksource: jiffies: mask: 0xffffffff max_cycles: 0xffffffff, max_idle_ns: 7645041785100000 ns
[    4.259947] futex hash table entries: 512 (order: 3, 32768 bytes)
[    4.267524] pinctrl core: initialized pinctrl subsystem
[    4.269137] RTC time: 16:38:41, date: 10/15/18
[    4.270661] NET: Registered protocol family 16
[    4.283553] cpuidle: using governor ladder
[    4.323173] cpuidle: using governor menu
[    4.360077] PCCT header not found.
[    4.361292] ACPI: bus type PCI registered
[    4.387817] acpiphp: ACPI Hot Plug PCI Controller Driver version: 0.5
[    4.395146] PCI: Using configuration type 1 for base access
[    4.408849] ACPI: Added _OSI(Module Device)
[    4.436056] ACPI: Added _OSI(Processor Device)
[    4.446473] ACPI: Added _OSI(3.0 _SCP Extensions)
[    4.459235] ACPI: Added _OSI(Processor Aggregator Device)
[    4.489046] ACPI: Executed 1 blocks of module-level executable AML code
[    4.496294] ACPI: Interpreter enabled
[    4.497965] ACPI: (supports S0 S5)
[    4.499113] ACPI: Using IOAPIC for interrupt routing
[    4.500798] PCI: Using host bridge windows from ACPI; if necessary, use "pci=nocrs" and report a bug
[    4.508685] ACPI: PCI Root Bridge [PCI0] (domain 0000 [bus 00-ff])
[    4.510597] acpi PNP0A03:00: _OSC: OS supports [ASPM ClockPM Segments MSI]
[    4.512988] acpi PNP0A03:00: _OSC: not requesting OS control; OS requires [ExtendedConfig ASPM ClockPM MSI]
[    4.554782] acpi PNP0A03:00: fail to add MMCONFIG information, can't access extended PCI configuration space under this bridge.
[    4.607440] PCI host bridge to bus 0000:00
[    4.638951] pci_bus 0000:00: root bus resource [io  0x0000-0x0cf7 window]
[    4.658268] pci_bus 0000:00: root bus resource [io  0x0d00-0xffff window]
[    4.670817] pci_bus 0000:00: root bus resource [mem 0x000a0000-0x000bffff window]
[    4.673213] pci_bus 0000:00: root bus resource [mem 0x40000000-0xfdffffff window]
[    4.690738] pci_bus 0000:00: root bus resource [bus 00-ff]
[    4.720696] pci 0000:00:01.1: legacy IDE quirk: reg 0x10: [io  0x01f0-0x01f7]
[    4.728449] pci 0000:00:01.1: legacy IDE quirk: reg 0x14: [io  0x03f6]
[    4.730604] pci 0000:00:01.1: legacy IDE quirk: reg 0x18: [io  0x0170-0x0177]
[    4.756796] pci 0000:00:01.1: legacy IDE quirk: reg 0x1c: [io  0x0376]
[    4.801892] pci 0000:00:07.0: quirk: [io  0x4000-0x403f] claimed by PIIX4 ACPI
[    4.807823] pci 0000:00:07.0: quirk: [io  0x4100-0x410f] claimed by PIIX4 SMB
[    4.822047] ACPI: PCI Interrupt Link [LNKA] (IRQs 5 9 10 *11)
[    4.852899] ACPI: PCI Interrupt Link [LNKB] (IRQs 5 9 *10 11)
[    4.870791] ACPI: PCI Interrupt Link [LNKC] (IRQs 5 *9 10 11)
[    4.907147] ACPI: PCI Interrupt Link [LNKD] (IRQs 5 9 10 *11)
[    4.916298] ACPI: Enabled 2 GPEs in block 00 to 07
[    4.939315] vgaarb: setting as boot device: PCI:0000:00:02.0
[    4.967159] vgaarb: device added: PCI:0000:00:02.0,decodes=io+mem,owns=io+mem,locks=none
[    5.007233] vgaarb: loaded
[    5.011246] vgaarb: bridge control possible 0000:00:02.0
[    5.019359] SCSI subsystem initialized
[    5.036486] ACPI: bus type USB registered
[    5.047894] usbcore: registered new interface driver usbfs
[    5.067129] usbcore: registered new interface driver hub
[    5.088692] usbcore: registered new device driver usb
[    5.118175] PCI: Using ACPI for IRQ routing
[    5.121171] NetLabel: Initializing
[    5.128381] NetLabel:  domain hash size = 128
[    5.146683] NetLabel:  protocols = UNLABELED CIPSOv4
[    5.160297] NetLabel:  unlabeled traffic allowed by default
[    5.171692] amd_nb: Cannot enumerate AMD northbridges
[    5.173157] clocksource: Switched to clocksource kvm-clock
[    5.1992] pprmr: AppArmor Filesystem Enale
[    5.401891] pnp: PnP ACPI init
[   540491] p:Pn API fun 3deics
[   .8754]clckouce: acpi_pm: mask: 0xffff axcyle: xffff,ma_ile_ns: 2850124 ns
[    6.429151] NET: Registered protocol family 2

[    6.43054] CPestablished hash table entries: 8192 (order: 4, 65536 bytes)
[    6177] TCP bind hash table entries: 8192 (order: 5, 131072 bytes)
[    6.648120] TCP: Hash tables configured (established 8192 bind 8192)
[   .6986] UDP hash table entries: 512 (order: 2, 16384 bytes)
[    6.752853] UDP-Lite hash table entries: 512 (order: 2, 16384 bytes)
[    6.754653] NET: Registered protocol family 1
[    6.756096] pci 0000:00:00.0: Limiting direct PCI/PCI transfers
[    6.7585]pc 00000:010:Acivtig ISA MA hang workarounds
[    7.070761] Unpacking initramfs...

[    7.327712] Freeing initrd memory: 14788K
[    7.380989] RAPL PMU detected, API unit is 2^-32 Joules, 4 fixed counters 10737418240 ms ovfl timer
[    7.451149] hw unit of domain pp0-core 2^-0 Joules
[    7.468742] hw unit of domain package 2^-0 Joules
[    7.479276] hw unit of domain dram 2^-0 Joules
[    7.499413] hw unit of domain pp1-gpu 2^-0 Joules
[    7.599057] platform rtc_cmos: registered platform RTC device (no PNP device found)
[    7.621590] Scanning for low memory corruption every 60 seconds
[    7.623883] audit: initializing netlink subsys (disabled)
[    7.625589] audit: type=2000 audit(1539621525.678:1): initialized
[    7.627806] Initialise system trusted keyring
[    7.639063] HugeTLB registered 2 MB page size, pre-allocated 0 pages
[    7.642419] zbud: loaded
[    7.643849] VFS: Disk quotas dquot_6.6.0
[    7.645019] VFS: Dquot-cache hash table entries: 512 (order 0, 4096 bytes)
[    7.647022] squashfs: version 4.0 (2009/01/31) Phillip Lougher
[    7.674167] fuse init (API version 7.23)
[    7.733323] Key type big_key registered
[    7.769198] Allocating IMA MOK and blacklist keyrings.
[    7.773744] Key type asymmetric registered
[    7.775021] Asymmetric key parser 'x509' registered
[    7.776435] Block layer SCSI generic (bsg) driver version 0.4 loaded (major 249)
[    7.778854] io scheduler noop registered
[    7.780059] io scheduler deadline registered (default)
[    7.781609] io scheduler cfq registered
[    7.782964] pci_hotplug: PCI Hot Plug PCI Core version: 0.5
[    7.790568] pciehp: PCI Express Hot Plug Controller Driver version: 0.4
[    7.848550] ACPI: AC Adapter [AC] (on-line)
[    7.859679] input: Power Button as /devices/LNXSYSTM:00/LNXPWRBN:00/input/input0
[    7.862062] ACPI: Power Button [PWRF]
[    7.863341] input: Sleep Button as /devices/LNXSYSTM:00/LNXSLPBN:00/input/input1
[    7.865530] ACPI: Sleep Button [SLPF]
[    7.868243] ACPI: Battery Slot [BAT0] (battery present)
[    7.869975] GHES: HEST is not enabled!
[    7.871363] Serial: 8250/16550 driver, 32 ports, IRQ sharing enabled
[    7.896107] 00:02: ttyS0 at I/O 0x3f8 (irq = 4, base_baud = 115200) is a 16550A
[    7.949753] Linux agpgart interface v0.103
[    7.957046] loop: module loaded
[    8.001012] scsi host0: ata_piix
[    8.048745] scsi host1: ata_piix
[    8.049911] ata1: PATA max UDMA/33 cmd 0x1f0 ctl 0x3f6 bmdma 0xd000 irq 14
[    8.051784] ata2: PATA max UDMA/33 cmd 0x170 ctl 0x376 bmdma 0xd008 irq 15
[    8.053920] libphy: Fixed MDIO Bus: probed
[    8.056638] tun: Universal TUN/TAP device driver, 1.6
[    8.066508] tun: (C) 1999-2004 Max Krasnyansky <maxk@qualcomm.com>
[    8.068402] PPP generic driver version 2.4.2
[    8.069830] ehci_hcd: USB 2.0 'Enhanced' Host Controller (EHCI) Driver
[    8.071626] ehci-pci: EHCI PCI platform driver
[    8.072958] ehci-platform: EHCI generic platform driver
[    8.074530] ohci_hcd: USB 1.1 'Open' Host Controller (OHCI) Driver
[    8.076247] ohci-pci: OHCI PCI platform driver
[    8.077731] ohci-platform: OHCI generic platform driver
[    8.079270] uhci_hcd: USB Universal Host Controller Interface driver
[    8.081115] i8042: PNP: PS/2 Controller [PNP0303:PS2K,PNP0f03:PS2M] at 0x60,0x64 irq 1,12
[    8.084217] serio: i8042 KBD port at 0x60,0x64 irq 1
[    8.085764] serio: i8042 AUX port at 0x60,0x64 irq 12
[    8.087562] mousedev: PS/2 mouse device common for all mice
[    8.090025] input: AT Translated Set 2 keyboard as /devices/platform/i8042/serio0/input/input2
[    8.092674] rtc_cmos rtc_cmos: rtc core: registered rtc_cmos as rtc0
[    8.096220] rtc_cmos rtc_cmos: alarms up to one day, 114 bytes nvram
[    8.104688] i2c /dev entries driver
[    8.105949] device-mapper: uevent: version 1.0.3
[    8.107446] device-mapper: ioctl: 4.34.0-ioctl (2015-10-28) initialised: dm-devel@redhat.com
[    8.109989] ledtrig-cpu: registered to indicate activity on CPUs
[    8.112326] NET: Registered protocol family 10
[    8.114006] NET: Registered protocol family 17
[    8.115363] Key type dns_resolver registered
[    8.116989] registered taskstats version 1
[    8.118309] Loading compiled-in X.509 certificates
[    8.120408] Loaded X.509 cert 'Build time autogenerated kernel key: 20acc96b50ca7641011eace69d32209215a9b56f'
[    8.123369] zswap: loaded using pool lzo/zbud
[    8.127141] Key type trusted registered
[    8.132753] Key type encrypted registered
[    8.134079] AppArmor: AppArmor sha1 policy hashing enabled
[    8.135633] ima: No TPM chip found, activating TPM-bypass!
[    8.137178] ima: Allocated hash algorithm: sha1
[    8.138578] evm: HMAC attrs: 0x1
[    8.140038]   Magic number: 6:430:641
[    8.141383] rtc_cmos rtc_cmos: setting system clock to 2018-10-15 16:38:45 UTC (1539621525)
[    8.144013] BIOS EDD facility v0.16 2004-Jun-25, 0 devices found
[    8.145743] EDD information not available.
[    8.211665] Freeing unused kernel memory: 1528K
[    8.598168] tsc: Refined TSC clocksource calibration: 1595.547 MHz
[    8.598171] clocksource: tsc: mask: 0xffffffffffffffff max_cycles: 0x16ffb65c1bc, max_idle_ns: 440795265777 ns
[    9.823332] Write protecting the kernel read-only data: 14336k
[    9.859632] Freeing unused kernel memory: 1672K
[    9.861451] Freeing unused kernel memory: 92K
Loading, please wait...
starting version 229
[    9.885696] random: systemd-udevd: uninitialized urandom read (16 bytes read, 7 bits of entropy available)
[    9.886534] random: udevadm: uninitialized urandom read (16 bytes read, 7 bits of entropy available)
[    9.886574] random: udevadm: uninitialized urandom read (16 bytes read, 7 bits of entropy available)
[    9.899047] random: udevadm: uninitialized urandom read (16 bytes read, 7 bits of entropy available)
[    9.899101] random: udevadm: uninitialized urandom read (16 bytes read, 7 bits of entropy available)
[    9.899257] random: udevadm: uninitialized urandom read (16 bytes read, 7 bits of entropy available)
[    9.899310] random: udevadm: uninitialized urandom read (16 bytes read, 7 bits of entropy available)
[    9.899365] random: udevadm: uninitialized urandom read (16 bytes read, 7 bits of entropy available)
[    9.899418] random: udevadm: uninitialized urandom read (16 bytes read, 7 bits of entropy available)
[    9.899468] random: udevadm: uninitialized urandom read (16 bytes read, 7 bits of entropy available)
[   10.100397] e1000: Intel(R) PRO/1000 Network Driver - version 7.3.21-k8-NAPI
[   10.102116] e1000: Copyright (c) 1999-2006 Intel Corporation.
[   10.125526] Fusion MPT base driver 3.04.20
[   10.137104] Copyright (c) 1999-2008 LSI Corporation
[   10.161851] Fusion MPT SPI Host driver 3.04.20
[   10.171055] AVX2 version of gcm_enc/dec engaged.
[   10.172546] AES CTR mode by8 optimization enabled
[   10.376261] input: ImExPS/2 Generic Explorer Mouse as /devices/platform/i8042/serio1/input/input4
[   10.511569] e1000 0000:00:03.0 eth0: (PCI:33MHz:32-bit) 02:28:89:27:00:51
[   10.608609] e1000 0000:00:03.0 eth0: Intel(R) PRO/1000 Network Connection
[   10.702000] e1000 0000:00:03.0 enp0s3: renamed from eth0
[   10.750390] mptbase: ioc0: Initiating bringup
[   10.857854] ioc0: LSI53C1030 A0: Capabilities={Initiator}
[   11.092604] scsi host2: ioc0: LSI53C1030 A0, FwRev=00000000h, Ports=1, MaxQ=256, IRQ=20
[   11.274008] scsi 2:0:0:0: Direct-Access     VBOX     HARDDISK         1.0  PQ: 0 ANSI: 5
[   11.276530] scsi target2:0:0: Beginning Domain Validation
[   11.280228] scsi target2:0:0: Domain Validation skipping write tests
[   11.282027] scsi target2:0:0: Ending Domain Validation
[   11.297125] scsi target2:0:0: asynchronous
[   11.330374] scsi 2:0:1:0: Direct-Access     VBOX     HARDDISK         1.0  PQ: 0 ANSI: 5
[   11.466983] scsi target2:0:1: Beginning Domain Validation
[   11.488729] scsi target2:0:1: Domain Validation skipping write tests
[   11.490262] scsi target2:0:1: Ending Domain Validation
[   11.491611] scsi target2:0:1: asynchronous
[   11.498905] sd 2:0:0:0: Attached scsi generic sg0 type 0
[   11.499245] sd 2:0:0:0: [sda] 20971520 512-byte logical blocks: (10.7 GB/10.0 GiB)
[   11.499442] sd 2:0:0:0: [sda] Write Protect is off
[   11.499560] sd 2:0:0:0: [sda] Incomplete mode parameter data
[   11.499562] sd 2:0:0:0: [sda] Assuming drive cache: write through
[   11.530118]  sda: sda1
[   11.531186] sd 2:0:0:0: [sda] Attached SCSI disk
[   11.734199] sd 2:0:1:0: Attached scsi generic sg1 type 0
[   11.734467] sd 2:0:1:0: [sdb] 20480 512-byte logical blocks: (10.5 MB/10.0 MiB)
[   11.734653] sd 2:0:1:0: [sdb] Write Protect is off
[   11.734776] sd 2:0:1:0: [sdb] Incomplete mode parameter data
[   11.734778] sd 2:0:1:0: [sdb] Assuming drive cache: write through
[   11.736794] sd 2:0:1:0: [sdb] Attached SCSI disk
Begin: Loading essential drivers ... [   13.396488] md: linear personality registered for level -1
[   13.412255] md: multipath personality registered for level -4
[   13.418587] md: raid0 personality registered for level 0
[   13.427510] md: raid1 personality registered for level 1
[   13.507613] raid6: sse2x1   gen()  7415 MB/s
[   13.581506] raid6: sse2x1   xor()  5791 MB/s
[   13.694901] raid6: sse2x2   gen() 10568 MB/s
[   13.761298] raid6: sse2x2   xor()  6767 MB/s
[   13.837720] raid6: sse2x4   gen() 12187 MB/s
[   13.933418] raid6: sse2x4   xor()  7896 MB/s
[   14.030293] raid6: avx2x1   gen() 15242 MB/s
[   14.117233] raid6: avx2x2   gen() 19027 MB/s
[   14.185764] raid6: avx2x4   gen() 21218 MB/s
[   14.226036] raid6: using algorithm avx2x4 gen() 21218 MB/s
[   14.245628] raid6: using avx2x2 recovery algorithm
[   14.271830] xor: automatically using best checksumming function:
[   14.329421]    avx       : 55177.000 MB/sec
[   14.400362] async_tx: api initialized (async)
[   14.410304] md: raid6 personality registered for level 6
[   14.418600] md: raid5 personality registered for level 5
[   14.420191] md: raid4 personality registered for level 4
[   14.428339] md: raid10 personality registered for level 10
done.
Begin: Running /scripts/init-premount ... done[   14.554706] Btrfs loaded
.
Begin: Mounting root file system ... Begin: Running /scripts/local-top ... done.
Begin: Running /scripts/local-premount ... Scanning for Btrfs filesystems
done.
Warning: fsck not present, so skipping root file system
[   14.643494] EXT4-fs (sda1): mounted filesystem with ordered data mode. Opts: (null)
done.
Begin: Running /scripts/local-bottom ... done.
Begin: Running /scripts/init-bottom ... done.
[   14.875821] systemd[1]: systemd 229 running in system mode. (+PAM +AUDIT +SELINUX +IMA +APPARMOR +SMACK +SYSVINIT +UTMP +LIBCRYPTSETUP +GCRYPT +GNUTLS +ACL +XZ -LZ4 +SECCOMP +BLKID +ELFUTILS +KMOD -IDN)
[   14.991251] systemd[1]: Detected virtualization oracle.
[   15.047944] systemd[1]: Detected architecture x86-64.

Welcome to [1mUbuntu 16.04.5 LTS[0m!

[   15.112590] systemd[1]: Set hostname to <ubuntu>.
[   15.174743] systemd[1]: Initializing machine ID from random generator.
[   15.176225] systemd[1]: Installed transient /etc/machine-id file.
[   15.462602] systemd[1]: Set up automount Arbitrary Executable File Formats File System Automount Point.
[[0;32m  OK  [0m] Set up automount Arbitrary Executab...ats File System Automount Point.
[   15.550120] systemd[1]: Listening on /dev/initctl Compatibility Named Pipe.
[[0;32m  OK  [0m] Listening on /dev/initctl Compatibility Named Pipe.
[   15.556397] systemd[1]: Created slice User and Session Slice.
[[0;32m  OK  [0m] Created slice User and Session Slice.
[   15.569670] systemd[1]: Listening on udev Kernel Socket.
[[0;32m  OK  [0m] Listening on udev Kernel Socket.
[   15.573053] systemd[1]: Listening on udev Control Socket.
[[0;32m  OK  [0m] Listening on udev Control Socket.
[   15.618284] systemd[1]: Created slice System Slice.
[[0;32m  OK  [0m] Created slice System Slice.
[   15.682470] systemd[1]: Created slice system-serial\x2dgetty.slice.
[[0;32m  OK  [0m] Created slice system-serial\x2dgetty.slice.
[   15.690232] systemd[1]: Reached target Slices.
[[0;32m  OK  [0m] Reached target Slices.
[   15.694170] systemd[1]: Listening on LVM2 poll daemon socket.
[[0;32m  OK  [0m] Listening on LVM2 poll daemon socket.
[   15.697703] systemd[1]: Listening on Journal Socket (/dev/log).
[[0;32m  OK  [0m] Listening on Journal Socket (/dev/log).
[   15.703851] systemd[1]: Reached target System Time Synchronized.
[[0;32m  OK  [0m] Reached target System Time Synchronized.
[   15.721925] systemd[1]: Listening on Syslog Socket.
[[0;32m  OK  [0m] Listening on Syslog Socket.
[   15.765691] systemd[1]: Listening on Journal Audit Socket.
[[0;32m  OK  [0m] Listening on Journal Audit Socket.
[   15.791846] systemd[1]: Started Trigger resolvconf update for networkd DNS.
[[0;32m  OK  [0m] Started Trigger resolvconf update for networkd DNS.
[   15.800505] systemd[1]: Reached target Swap.
[[0;32m  OK  [0m] Reached target Swap.
[   15.818116] systemd[1]: Listening on Journal Socket.
[[0;32m  OK  [0m] Listening on Journal Socket.
[   15.918124] systemd[1]: Starting Remount Root and Kernel File Systems...
[   15.924060] EXT4-fs (sda1): re-mounted. Opts: (null)
         Starting Remount Root and Kernel File Systems...
[   15.942383] systemd[1]: Starting Set console keymap...
         Starting Set console keymap...
[   15.993827] systemd[1]: Mounting POSIX Message Queue File System...
         Mounting POSIX Message Queue File System...
[   15.998457] systemd[1]: Starting Nameserver information manager...
         Starting Nameserver information manager...
[   16.038045] systemd[1]: Mounting Huge Pages File System...
         Mounting Huge Pages File System...
[   16.062705] systemd[1]: Starting Journal Service...
         Startin[   16.065724] random: nonblocking pool is initialized
g Journal Service...
[   16.110874] systemd[1]: Starting Create list of required static device nodes for the current kernel...
         Starting Create list of required st... nodes for the current kernel...
[   16.182160] systemd[1]: Starting Uncomplicated firewall...
         Starting Uncomplicated firewall...
[   16.229794] systemd[1]: Mounting Debug File System...
         Mounting Debug File System...
[   16.253886] systemd[1]: Listening on LVM2 metadata daemon socket.
[[0;32m  OK  [0m] Listening on LVM2 metadata daemon socket.
[   16.277949] systemd[1]: Reached target User and Group Name Lookups.
[[0;32m  OK  [0m] Reached target User and Group Name Lookups.
[   16.281646] systemd[1]: Listening on Device-mapper event daemon FIFOs.
[[0;32m  OK  [0m] Listening on Device-mapper event daemon FIFOs.
[   16.297729] systemd[1]: Starting Monitoring of LVM2 mirrors, snapshots etc. using dmeventd or progress polling...
         Starting Monitoring of LVM2 mirrors... dmeventd or progress polling...
[   16.325410] systemd[1]: Reached target Encrypted Volumes.
[[0;32m  OK  [0m] Reached target Encrypted Volumes.
[   16.341976] systemd[1]: Starting Load Kernel Modules...
         Starting Load Kernel Modules...
[   16.351067] systemd[1]: Started Forward Password Requests to Wall Directory Watch.
[   16.363792] Loading iSCSI transport class v2.0-870.
[[0;32m  OK  [0m] Started Forward Password Requests to Wall Directory Watch.
[   16.370536] systemd[1]: Mounted Debug File System.
[[0;32m  OK  [0m] Mounted Debug File System.
[   16.373613] systemd[1]: Mounted POSIX Message Queue File System.
[[0;32m  OK  [0m] Mounted POSIX Message Queue File System.
[   16.378122] systemd[1]: Mounted Huge Pages File System.
[   16.380478] iscsi: registered transport (tcp)
[[0;32m  OK  [0m] Mounted Huge Pages File System.
[   16.384454] systemd[1]: Started Journal Service.
[[0;32m  OK  [0m] Started Journal Service.
[[0;32m  OK  [0m] Started Remount Root and Kernel File Systems.
[[0;32m  OK  [0m] Started Set console keymap.
[[0;32m  OK  [0m] Started Create list of required sta...ce nodes for the current kernel.
[[0;32m  OK  [0m] Started Uncomplicated firewall.
[[0;32m  OK  [0m] Started Name[   16.445636] iscsi: registered transport (iser)
server information manager.
[[0;32m  OK  [0m] Started Load Kernel Modules.
[[0;32m  OK  [0m] Started LVM2 metadata daemon.
         Starting Apply Kernel Variables...
         Mounting FUSE Control File System...
         Starting Create Static Device Nodes in /dev...
         Starting Load/Save Random Seed...
         Starting udev Coldplug all Devices...
         Starting Flush Journal to Persistent Storage...
[[0;32m  OK  [0m] Mounted FUSE Control File System.
[[0;32m  OK  [0m] Started Apply Kernel Variables.
[[0;32m  OK  [0m] Started Create Static Device Nodes in /dev.
[[0;32m  OK  [0m] Started Load/Save Random Seed.
[[0;32m  OK  [0m] Started udev Coldplug all Devices.
[[0;32m  OK  [0m] Started Monitoring of LVM2 mirrors,...ng dmeventd or progress polling.
[[0;32m  OK  [0m] Started Flush Journal to Persistent Storage.
         Starting udev Kernel Device Manager...
[[0;32m  OK  [0m] Started udev Kernel Device Manager.
[[0;32m  OK  [0m] Started Dispatch Password Requests to Console Directory Watch.
[[0;32m  OK  [0m] Reached target Local File Systems (Pre).
[[0;32m  OK  [0m] Reached target Local File Systems.
         Starting Create Volatile Files and Directories...
         Starting Commit a transient machine-id on disk...
         Starting Initial cloud-init job (pre-networking)...
         Starting Set console font and keymap...
         Starting LSB: AppArmor initialization...
         Starting Tell Plymouth To Write Out Runtime Data...
[[0;32m  OK  [0m] Started Create Volatile Files and Directories.
[[0;32m  OK  [0m] Started Commit a transient machine-id on disk.
[[0;32m  OK  [0m] Started Tell Plymouth To Write Out Runtime Data.
         Starting Update UTMP about System Boot/Shutdown...
[[0;32m  OK  [0m] Started Update UTMP about System Boot/Shutdown.
[[0;32m  OK  [0m] Found device /dev/ttyS0.
[[0;32m  OK  [0m] Listening on Load/Save RF Kill Switch Status /dev/rfkill Watch.
[[0;32m  OK  [0m] Started LSB: AppArmor initialization.
[[0;32m  OK  [0m] Started Set console font and keymap.
[[0;32m  OK  [0m] Created slice system-getty.slice.
[   14.698818] cloud-init[474]: Cloud-init v. 18.3-9-g2e62cb8a-0ubuntu1~16.04.2 running 'init-local' at Mon, 15 Oct 2018 16:38:56 +0000. Up 14.21 seconds.
[[0;32m  OK  [0m] Started Initial cloud-init job (pre-networking).
[[0;32m  OK  [0m] Reached target Network (Pre).
         Starting Raise network interfaces...
[[0;32m  OK  [0m] Started Raise network interfaces.
         Starting Initial cloud-init job (metadata service crawler)...
[[0;32m  OK  [0m] Reached target Network.
[   16.656590] cloud-init[922]: Cloud-init v. 18.3-9-g2e62cb8a-0ubuntu1~16.04.2 running 'init' at Mon, 15 Oct 2018 16:38:57 +0000. Up 15.51 seconds.
[   16.660559] cloud-init[922]: ci-info: +++++++++++++++++++++++++++++++++++++Net device info+++++++++++++++++++++++++++++++++++++
[   16.663952] cloud-init[922]: ci-info: +--------+------+--------------------------+---------------+--------+-------------------+
[   16.667553] cloud-init[922]: ci-info: | Device |  Up  |         Address          |      Mask     | Scope  |     Hw-Address    |
[   16.671388] cloud-init[922]: ci-info: +--------+------+--------------------------+---------------+--------+-------------------+
[   16.675105] cloud-init[922]: ci-info: | enp0s3 | True |        10.0.2.15         | 255.255.255.0 | global | 02:28:89:27:00:51 |
[   16.678737] cloud-init[922]: ci-info: | enp0s3 | True | fe80::28:89ff:fe27:51/64 |       .       |  link  | 02:28:89:27:00:51 |
[   16.682671] cloud-init[922]: ci-info: |   lo   | True |        127.0.0.1         |   255.0.0.0   |  host  |         .         |
[   16.686177] cloud-init[922]: ci-info: |   lo   | True |         ::1/128          |       .       |  host  |         .         |
[   16.689533] cloud-init[922]: ci-info: +--------+------+--------------------------+---------------+--------+-------------------+
[   16.692817] cloud-init[922]: ci-info: +++++++++++++++++++++++++++Route IPv4 info++++++++++++++++++++++++++++
[   16.695805] cloud-init[922]: ci-info: +-------+-------------+----------+---------------+-----------+-------+
[   16.699210] cloud-init[922]: ci-info: | Route | Destination | Gateway  |    Genmask    | Interface | Flags |
[   16.702516] cloud-init[922]: ci-info: +-------+-------------+----------+---------------+-----------+-------+
[   16.705603] cloud-init[922]: ci-info: |   0   |   0.0.0.0   | 10.0.2.2 |    0.0.0.0    |   enp0s3  |   UG  |
[   16.709153] cloud-init[922]: ci-info: |   1   |   10.0.2.0  | 0.0.0.0  | 255.255.255.0 |   enp0s3  |   U   |[[0;32m  OK  [0m] Started Initial cloud-init job (metadata service crawler).
[[0;32m  OK  [0m] Reached target Cloud-config availability.
[[0;32m  OK  [0m] Reached target System Initialization.

         Starting LXD - unix socket.
[[0;32m  OK  [0m] Started Daily Cleanup of Temporary Directories.
[[0;32m  OK  [0m] Listening on ACPID Listen Socket.
[   16.731333] cloud-init[922]: ci-info: +-------+-------------+----------+---------------+-----------+-------+
[   16.806764] cloud-init[922]: ci-info: +++++++++++++++++++Route IPv6 info+++++++++++++++++++
[[0;32m  OK  [0m] Listening on D-Bus System Message Bus Socket.
[[0;32m  OK  [0m] Started Daily apt download activities.
[[0;32m  OK  [0m] Listening on UUID daemon activation socket.
[   16.822947] cloud-init[922]: ci-info: +-------+-------------+---------+-----------+-------+
[   16.905758] cloud-init[922]: ci-info: | Route | Destination | Gateway | Interface | Flags |
[   16.944722] cloud-init[922]: ci-info: +-------+-------------+---------+-----------+-------+
[   16.955509] cloud-init[922]: ci-info: |   0   |  fe80::/64  |    ::   |   enp0s3  |   U   |
[   16.957914] cloud-init[922]: ci-info: |   3   |   ff00::/8  |    ::   |   enp0s3  |   U   |
[[0;32m  OK  [0m] Started ACPI Events Check.
[[0;32m  OK  [0m] Reached target Paths.
[[0;32m  OK  [0m] Started Daily apt upgrade and clean activities.
[   16.986647] cloud-init[922]: ci-info: +-------+-------------+---------+-----------+-------+
[   17.009263] cloud-init[922]: Generating public/private rsa key pair.
[[0;32m  OK  [0m] Reached target Timers.
         Starting Socket activation for snappy daemon.
[   17.043693] cloud-init[922]: Your identification has been saved in /etc/ssh/ssh_host_rsa_key.
[[0;32m  OK  [0m] Reached target Network is Online.
[   17.066344] cloud-init[922]: Your public key has been saved in /etc/ssh/ssh_host_rsa_key.pub.
[   17.148899]          Starting iSCSI initiator daemon (iscsid)...
[[0;32m  OK  [0m] Listening on LXD - unix socket.
[[0;32m  OK  [0m] Listening on Socket activation for snappy daemon.
cloud-init[922]: The key fingerprint is:
[   17.156682] cloud-init[922]: SHA256:ajr7vy1YIsNolowf+DBfPFeM0UKAwzI94OsMjIWQ6yw root@ubuntu-xenial
[   17.196621] cloud-init[922]: The key's randomart image is:
[   17.233698] cloud-init[922]: +---[RSA 2048]----+
[   17.268947] cloud-init[922]: |o= ..o..         |
[   17.309424] cloud-init[922]: |*.*   o .        |
[[0;32m  OK  [0m] Reached target Sockets.
[[0;32m  OK  [0m] Reached target Basic System.
[   17.345482] cloud-init[922]: |.=.o   =         |
[   17.421009] cloud-init[922]: |+..   . o        |
[   17.424665] cloud-init[922]: |=* =   .S        |
[   17.440090] cloud-init[922]: |EoB B o..        |
[   17.444610] [[0;32m  OK  [0m] Started ACPI event daemon.
cloud-init[922]: |.@ o =o+         |
[   17.456916] cloud-init[922]: |  + .o. ..       |
[   17.500632]          Starting Virtualbox guest utils...
cloud-init[922]: |    o+..oo.      |
[   17.520537] [cloud-init[0;32m  OK  [0m[922]: ] +----[SHA256]-----+Started Deferred execution scheduler.

[   17.521293] cloud-init[922]: Generating public/private dsa key pair.
[   17.570656] cloud-init         Starting Login Service...
[922]: Your identification has been saved in /etc/ssh/ssh_host_dsa_key.
         Starting LSB: MD monitoring daemon...
[   17.574981] cloud-init[922]: Your public key has been saved in /etc/ssh/ssh_host_dsa_key.pub.
[   17.681328]          Starting Accounts Service...
cloud-init[922]: The key fingerprint is:
[   17.709405]          Starting Pollinate to seed the pseudo random number generator...
         Starting LXD - container startup/shutdown...
         Starting /etc/rc.local Compatibility...
         Starting Snappy daemon...
         Starting LSB: Record successful boot for GRUB...
[[0;32m  OK  [0m] Started Unattended Upgrades Shutdown.
[[0;32m  OK  [0m] Started D-Bus System Message Bus.
cloud-init[922]: SHA256:d++FuwRyvcAhqeBAKabSCXeHtm1d/QSUVzwqz5+2FRo root@ubuntu-xenial
[   17.770093] cloud-init[922]: The key's randomart image is:
[   17.771908] cloud-init[922]: +---[DSA 1024]----+
[   17.779579] cloud-init[922]: |    .o     ooo o.|
[   17.786744] cloud-init[922]: |. +.= .   ..o o..|
[   17.792988] cloud-init[922]: | * =.+.. .o .+. .|
[   17.820357] cloud-init[922]: |o o .oo... + +.  |
[[   17.845936] cloud-init[922]: |.    .. S o XE.. |
[   17.846655] cloud-init[922]: |         . + *oo.|
[   17.847065] cloud-init[922]: |             .* +|
[0;32m  OK  [0m[   17.847167] ] cloud-initStarted FUSE filesystem for LXC.[922]: 
|             o *.|
[   17.847310] cloud-init[922]: |              =o.|
[   18.068664] cloud-init[922]: +----[SHA256]-----+
[   18.080716] cloud-init[922]: Generating public/private ecdsa key pair.
[   18.093445] cloud-init[922]: Your identification has been saved in /etc/ssh/ssh_host_ecdsa_key.
[   18.108312] cloud-init[922]: Your public key has been saved in /etc/ssh/ssh_host_ecdsa_key.pub.
[   18.108790] cloud-init[922]: The key fingerprint is:
[   18.111348] cloud-init[922]: SHA256:TRhuSGxWj2ZF8IoAQeNj6O+qiPZ1lPQ0bgoxlm7vxCE root@ubuntu-xenial
[   18.112018] cloud-init[922]: The key's randomart image is:
[   18.112499] cloud-init[922]: +---[ECDSA 256]---+
[   18.112742] cloud-init[922]: | .=. ...+oo      |
[   18.112984] cloud-init[922]: | o o .=o B       |
[   18.113234] cloud-init[922]: |. + .B..Bo+      |
[   18.113478] cloud-init[922]: |.. .o.+==+.      |
[   18.113729] cloud-init[922]: | .   E.+S+.      |
[   18.113987] cloud-init[922]: |  . . * +        |
[   18.114225] cloud-init[922]: |   . . *         |
[   18.114473] cloud-init[922]: |o.. . +          |
[   18.114723] cloud-init[922]: |*.oo   .         |
[   18.114971] cloud-init[922]: +----[SHA256]-----+
[   18.115215] cloud-init[922]: Generating public/private ed25519 key pair.
[[0;32m  OK  [0m] Started Regular background program processing daemon.
[   18.115464] cloud-init[922]: Your identification has been saved in /etc/ssh/ssh_host_ed25519_key.
[   18.115538] cloud-init[922]: Your public key has been saved in /etc/ssh/ssh_host_ed25519_key.pub.
[   18.169229] cloud-init[922]: The key fingerprint is:
[   18.174947] cloud-init[922]: SHA256:oxL+k7uVaYSL4NAuoMRhFtH4RK4RpWgdiu9yQqtQpqo root@ubuntu-xenial
[   18.183522] cloud-init[922]: The key's randomart image is:
[   18.184117] cloud-init[922]: +--[ED25519 256]--+
[   18.184359] cloud-init[922]: | +*+             |
[   18.184610] cloud-init[922]: |o.Bo.            |
         Starting System Logging Service...
[   18.184884] cloud-init[922]: |oOoo             |
[   18.204660] cloud-init[922]: |=o+.   .         |
[   18.205177] cloud-init[922]: |o=* . . S        |
[   18.206573] cloud-init[922]: |=O.o o + +       |
[   18.206761] cloud-init[922]: |B.= + o.=        |
[   18.206808] cloud-init[922]: |+=   ooo         |
[[0;32m  OK  [0m] Started Snappy daemon.
[[0;32m  OK  [0m] Started System Logging Service.
[   18.209924] cloud-init[922]: |E     ++         |
[   18.271064] cloud-init[922]: +----[SHA256]-----+
[[0;32m  OK  [0m] Started LXD - container startup/shutdown.
[[0;32m  OK  [0m] Started /etc/rc.local Compatibility.
[[0;32m  OK  [0m] Started iSCSI initiator daemon (iscsid).
[[0;32m  OK  [0m] Started LSB: MD monitoring daemon.
[[0;32m  OK  [0m] Started Pollinate to seed the pseudo random number generator.
[[0;32m  OK  [0m] Started LSB: Record successful boot for GRUB.
[[0;32m  OK  [0m] Started Virtualbox guest utils.
[[0;32m  OK  [0m] Started Login Service.
         Starting Authenticate and Authorize Users to Run Privileged Tasks...
         Starting OpenBSD Secure Shell server...
         Starting Login to default iSCSI targets...
         Starting Wait until snapd is fully seeded...
[[0;32m  OK  [0m] Started OpenBSD Secure Shell server.
[[0;32m  OK  [0m] Started Authenticate and Authorize Users to Run Privileged Tasks.
[[0;32m  OK  [0m] Started Accounts Service.
[[0;32m  OK  [0m] Started Login to default iSCSI targets.
[[0;32m  OK  [0m] Reached target Remote File Systems (Pre).
[[0;32m  OK  [0m] Reached target Remote File Systems.
         Starting LSB: daemon to balance interrupts for SMP systems...
         Starting LSB: automatic crash report generation...
         Starting Permit User Sessions...
         Starting LSB: Set the CPU Frequency Scaling governor to "ondemand"...
[[0;32m  OK  [0m] Started Permit User Sessions.
         Starting Terminate Plymouth Boot Screen...
         Starting Hold until boot process finishes up...
[[0;32m  OK  [0m] Started LSB: daemon to balance interrupts for SMP systems.
[[0;32m  OK  [0m] Started LSB: automatic crash report generation.
[[0;32m  OK  [0m] Started LSB: Set the CPU Frequency Scaling governor to "ondemand".
[[0;32m  OK  [0m] Started Terminate Plymouth Boot Screen.
[[0;32m  OK  [0m] Started Hold until boot process finishes up.
         Starting Set console scheme...
[[0;32m  OK  [0m] Started Getty on tty1.
[[0;32m  OK  [0m] Started Serial Getty on ttyS0.
[[0;32m  OK  [0m] Reached target Login Prompts.
[[0;32m  OK  [0m] Started Set console scheme.
[[0;32m  OK  [0m] Started Wait until snapd is fully seeded.
[[0;32m  OK  [0m] Reached target Multi-User System.
[[0;32m  OK  [0m] Reached target Graphical Interface.
         Starting Update UTMP about System Runlevel Changes...
         Starting Apply the settings specified in cloud-config...
[[0;32m  OK  [0m] Started Update UTMP about System Runlevel Changes.
[   20.896877] cloud-init[1245]: Generating locales (this might take a while)...
[   21.956228] cloud-init[1245]:   en_US.UTF-8... done
[   21.977152] cloud-init[1245]: Generation complete.
[   22.825767] cloud-init[1245]: Cloud-init v. 18.3-9-g2e62cb8a-0ubuntu1~16.04.2 running 'modules:config' at Mon, 15 Oct 2018 16:39:02 +0000. Up 20.66 seconds.
[[0;32m  OK  [0m] Started Apply the settings specified in cloud-config.
         Starting Execute cloud user/final scripts...
[[0;32m  OK  [0m] Created slice User Slice of vagrant.
         Starting User Manager for UID 1000...
[[0;32m  OK  [0m] Started Session 1 of user vagrant.
[[0;32m  OK  [0m] Started User Manager for UID 1000.
ci-info: no authorized ssh keys fingerprints found for user ubuntu.
<14>Oct 15 16:39:05 ec2: 
<14>Oct 15 16:39:05 ec2: #############################################################
<14>Oct 15 16:39:05 ec2: -----BEGIN SSH HOST KEY FINGERPRINTS-----
<14>Oct 15 16:39:05 ec2: 1024 SHA256:d++FuwRyvcAhqeBAKabSCXeHtm1d/QSUVzwqz5+2FRo root@ubuntu-xenial (DSA)
<14>Oct 15 16:39:05 ec2: 256 SHA256:TRhuSGxWj2ZF8IoAQeNj6O+qiPZ1lPQ0bgoxlm7vxCE root@ubuntu-xenial (ECDSA)
<14>Oct 15 16:39:05 ec2: 256 SHA256:oxL+k7uVaYSL4NAuoMRhFtH4RK4RpWgdiu9yQqtQpqo root@ubuntu-xenial (ED25519)
<14>Oct 15 16:39:05 ec2: 2048 SHA256:ajr7vy1YIsNolowf+DBfPFeM0UKAwzI94OsMjIWQ6yw root@ubuntu-xenial (RSA)
<14>Oct 15 16:39:05 ec2: -----END SSH HOST KEY FINGERPRINTS-----
<14>Oct 15 16:39:05 ec2: #############################################################
-----BEGIN SSH HOST KEY KEYS-----
ecdsa-sha2-nistp256 AAAAE2VjZHNhLXNoYTItbmlzdHAyNTYAAAAIbmlzdHAyNTYAAABBBFCECRaWoAWugdUJq+UpFwn+zioedz7VUSGl3zUeyQkw+BGhrRtCyp0SKVw9mcMXJeivVu4tedyu36BhiC/nt8Q= root@ubuntu-xenial
ssh-ed25519 AAAAC3NzaC1lZDI1NTE5AAAAICTGmJhyjuNcC6Wj9Wu/1bHEiXRBee6YFabp5AQqfeHV root@ubuntu-xenial
ssh-rsa AAAAB3NzaC1yc2EAAAADAQABAAABAQDKu+2oqEEKjVHW/Q3OHJX/VQ2AA3IIW+fhWgzM7bjpySykgMxcIUhuErC5RUclxtpkpfOO3gR7f7ecgzihHxv/CLJYQanhfbc9QPdUQtRYrsfzBUOu1/I10SurHEa3Z22pd/q9kPcoKGQGxZ7GHt0gBw5EMwzmlFvS63E8IcgnADE5KjfdRcOphzGQmOWe83u4U95jPKNz2RWecy+Mmp9ObAlqGs3MZoIezfO94/nIMsv/qKRgCnh5Jz7IYPygX1Pk0gH6afgeArXvel4oeDjwhyQoUkB9ExACvpyP1ALPGsabW0527ThDj9K2NyQqjSJvNJCqbQMleFpg1zmjQ5KV root@ubuntu-xenial
-----END SSH HOST KEY KEYS-----
[   24.197005] cloud-init[1285]: Cloud-init v. 18.3-9-g2e62cb8a-0ubuntu1~16.04.2 running 'modules:final' at Mon, 15 Oct 2018 16:39:05 +0000. Up 23.47 seconds.
[   24.203201] cloud-init[1285]: ci-info: no authorized ssh keys fingerprints found for user ubuntu.
[   24.210538] cloud-init[1285]: Cloud-init v. 18.3-9-g2e62cb8a-0ubuntu1~16.04.2 finished at Mon, 15 Oct 2018 16:39:06 +0000. Datasource DataSourceNoCloud [seed=/dev/sdb][dsmode=net].  Up 24.18 seconds

Ubuntu 16.04.5 LTS ubuntu-xenial ttyS0

ubuntu-xenial login: 